Archive member included to satisfy reference by file (symbol)

/home/lucifer/Ac6/SystemWorkbench/plugins/fr.ac6.mcu.externaltools.arm-none.linux64_1.17.0.201812190825/tools/compiler/bin/../lib/gcc/arm-none-eabi/7.3.1/../../../../arm-none-eabi/lib/thumb/v7-m/libc.a(lib_a-errno.o)
                              src/syscalls.o (__errno)
/home/lucifer/Ac6/SystemWorkbench/plugins/fr.ac6.mcu.externaltools.arm-none.linux64_1.17.0.201812190825/tools/compiler/bin/../lib/gcc/arm-none-eabi/7.3.1/../../../../arm-none-eabi/lib/thumb/v7-m/libc.a(lib_a-exit.o)
                              /home/lucifer/Ac6/SystemWorkbench/plugins/fr.ac6.mcu.externaltools.arm-none.linux64_1.17.0.201812190825/tools/compiler/bin/../lib/gcc/arm-none-eabi/7.3.1/../../../../arm-none-eabi/lib/thumb/v7-m/crt0.o (exit)
/home/lucifer/Ac6/SystemWorkbench/plugins/fr.ac6.mcu.externaltools.arm-none.linux64_1.17.0.201812190825/tools/compiler/bin/../lib/gcc/arm-none-eabi/7.3.1/../../../../arm-none-eabi/lib/thumb/v7-m/libc.a(lib_a-impure.o)
                              /home/lucifer/Ac6/SystemWorkbench/plugins/fr.ac6.mcu.externaltools.arm-none.linux64_1.17.0.201812190825/tools/compiler/bin/../lib/gcc/arm-none-eabi/7.3.1/../../../../arm-none-eabi/lib/thumb/v7-m/libc.a(lib_a-exit.o) (_global_impure_ptr)
/home/lucifer/Ac6/SystemWorkbench/plugins/fr.ac6.mcu.externaltools.arm-none.linux64_1.17.0.201812190825/tools/compiler/bin/../lib/gcc/arm-none-eabi/7.3.1/../../../../arm-none-eabi/lib/thumb/v7-m/libc.a(lib_a-init.o)
                              /home/lucifer/Ac6/SystemWorkbench/plugins/fr.ac6.mcu.externaltools.arm-none.linux64_1.17.0.201812190825/tools/compiler/bin/../lib/gcc/arm-none-eabi/7.3.1/../../../../arm-none-eabi/lib/thumb/v7-m/crt0.o (__libc_init_array)
/home/lucifer/Ac6/SystemWorkbench/plugins/fr.ac6.mcu.externaltools.arm-none.linux64_1.17.0.201812190825/tools/compiler/bin/../lib/gcc/arm-none-eabi/7.3.1/../../../../arm-none-eabi/lib/thumb/v7-m/libc.a(lib_a-memset.o)
                              /home/lucifer/Ac6/SystemWorkbench/plugins/fr.ac6.mcu.externaltools.arm-none.linux64_1.17.0.201812190825/tools/compiler/bin/../lib/gcc/arm-none-eabi/7.3.1/../../../../arm-none-eabi/lib/thumb/v7-m/crt0.o (memset)
/home/lucifer/Ac6/SystemWorkbench/plugins/fr.ac6.mcu.externaltools.arm-none.linux64_1.17.0.201812190825/tools/compiler/bin/../lib/gcc/arm-none-eabi/7.3.1/../../../../arm-none-eabi/lib/thumb/v7-m/libc.a(lib_a-__call_atexit.o)
                              /home/lucifer/Ac6/SystemWorkbench/plugins/fr.ac6.mcu.externaltools.arm-none.linux64_1.17.0.201812190825/tools/compiler/bin/../lib/gcc/arm-none-eabi/7.3.1/../../../../arm-none-eabi/lib/thumb/v7-m/libc.a(lib_a-exit.o) (__call_exitprocs)
/home/lucifer/Ac6/SystemWorkbench/plugins/fr.ac6.mcu.externaltools.arm-none.linux64_1.17.0.201812190825/tools/compiler/bin/../lib/gcc/arm-none-eabi/7.3.1/../../../../arm-none-eabi/lib/thumb/v7-m/libc.a(lib_a-atexit.o)
                              /home/lucifer/Ac6/SystemWorkbench/plugins/fr.ac6.mcu.externaltools.arm-none.linux64_1.17.0.201812190825/tools/compiler/bin/../lib/gcc/arm-none-eabi/7.3.1/../../../../arm-none-eabi/lib/thumb/v7-m/libc.a(lib_a-__call_atexit.o) (atexit)
/home/lucifer/Ac6/SystemWorkbench/plugins/fr.ac6.mcu.externaltools.arm-none.linux64_1.17.0.201812190825/tools/compiler/bin/../lib/gcc/arm-none-eabi/7.3.1/../../../../arm-none-eabi/lib/thumb/v7-m/libc.a(lib_a-fini.o)
                              /home/lucifer/Ac6/SystemWorkbench/plugins/fr.ac6.mcu.externaltools.arm-none.linux64_1.17.0.201812190825/tools/compiler/bin/../lib/gcc/arm-none-eabi/7.3.1/../../../../arm-none-eabi/lib/thumb/v7-m/libc.a(lib_a-__call_atexit.o) (__libc_fini_array)
/home/lucifer/Ac6/SystemWorkbench/plugins/fr.ac6.mcu.externaltools.arm-none.linux64_1.17.0.201812190825/tools/compiler/bin/../lib/gcc/arm-none-eabi/7.3.1/../../../../arm-none-eabi/lib/thumb/v7-m/libc.a(lib_a-lock.o)
                              /home/lucifer/Ac6/SystemWorkbench/plugins/fr.ac6.mcu.externaltools.arm-none.linux64_1.17.0.201812190825/tools/compiler/bin/../lib/gcc/arm-none-eabi/7.3.1/../../../../arm-none-eabi/lib/thumb/v7-m/libc.a(lib_a-__call_atexit.o) (__retarget_lock_acquire_recursive)
/home/lucifer/Ac6/SystemWorkbench/plugins/fr.ac6.mcu.externaltools.arm-none.linux64_1.17.0.201812190825/tools/compiler/bin/../lib/gcc/arm-none-eabi/7.3.1/../../../../arm-none-eabi/lib/thumb/v7-m/libc.a(lib_a-__atexit.o)
                              /home/lucifer/Ac6/SystemWorkbench/plugins/fr.ac6.mcu.externaltools.arm-none.linux64_1.17.0.201812190825/tools/compiler/bin/../lib/gcc/arm-none-eabi/7.3.1/../../../../arm-none-eabi/lib/thumb/v7-m/libc.a(lib_a-atexit.o) (__register_exitproc)

Allocating common symbols
Common symbol       size              file

__lock___atexit_recursive_mutex
                    0x1               /home/lucifer/Ac6/SystemWorkbench/plugins/fr.ac6.mcu.externaltools.arm-none.linux64_1.17.0.201812190825/tools/compiler/bin/../lib/gcc/arm-none-eabi/7.3.1/../../../../arm-none-eabi/lib/thumb/v7-m/libc.a(lib_a-lock.o)
__lock___arc4random_mutex
                    0x1               /home/lucifer/Ac6/SystemWorkbench/plugins/fr.ac6.mcu.externaltools.arm-none.linux64_1.17.0.201812190825/tools/compiler/bin/../lib/gcc/arm-none-eabi/7.3.1/../../../../arm-none-eabi/lib/thumb/v7-m/libc.a(lib_a-lock.o)
__lock___env_recursive_mutex
                    0x1               /home/lucifer/Ac6/SystemWorkbench/plugins/fr.ac6.mcu.externaltools.arm-none.linux64_1.17.0.201812190825/tools/compiler/bin/../lib/gcc/arm-none-eabi/7.3.1/../../../../arm-none-eabi/lib/thumb/v7-m/libc.a(lib_a-lock.o)
__lock___sinit_recursive_mutex
                    0x1               /home/lucifer/Ac6/SystemWorkbench/plugins/fr.ac6.mcu.externaltools.arm-none.linux64_1.17.0.201812190825/tools/compiler/bin/../lib/gcc/arm-none-eabi/7.3.1/../../../../arm-none-eabi/lib/thumb/v7-m/libc.a(lib_a-lock.o)
__lock___malloc_recursive_mutex
                    0x1               /home/lucifer/Ac6/SystemWorkbench/plugins/fr.ac6.mcu.externaltools.arm-none.linux64_1.17.0.201812190825/tools/compiler/bin/../lib/gcc/arm-none-eabi/7.3.1/../../../../arm-none-eabi/lib/thumb/v7-m/libc.a(lib_a-lock.o)
received_data       0x8               src/main.o
__lock___at_quick_exit_mutex
                    0x1               /home/lucifer/Ac6/SystemWorkbench/plugins/fr.ac6.mcu.externaltools.arm-none.linux64_1.17.0.201812190825/tools/compiler/bin/../lib/gcc/arm-none-eabi/7.3.1/../../../../arm-none-eabi/lib/thumb/v7-m/libc.a(lib_a-lock.o)
__lock___dd_hash_mutex
                    0x1               /home/lucifer/Ac6/SystemWorkbench/plugins/fr.ac6.mcu.externaltools.arm-none.linux64_1.17.0.201812190825/tools/compiler/bin/../lib/gcc/arm-none-eabi/7.3.1/../../../../arm-none-eabi/lib/thumb/v7-m/libc.a(lib_a-lock.o)
__lock___tz_mutex   0x1               /home/lucifer/Ac6/SystemWorkbench/plugins/fr.ac6.mcu.externaltools.arm-none.linux64_1.17.0.201812190825/tools/compiler/bin/../lib/gcc/arm-none-eabi/7.3.1/../../../../arm-none-eabi/lib/thumb/v7-m/libc.a(lib_a-lock.o)
__lock___sfp_recursive_mutex
                    0x1               /home/lucifer/Ac6/SystemWorkbench/plugins/fr.ac6.mcu.externaltools.arm-none.linux64_1.17.0.201812190825/tools/compiler/bin/../lib/gcc/arm-none-eabi/7.3.1/../../../../arm-none-eabi/lib/thumb/v7-m/libc.a(lib_a-lock.o)

Discarded input sections

 .text          0x0000000000000000        0x0 /home/lucifer/Ac6/SystemWorkbench/plugins/fr.ac6.mcu.externaltools.arm-none.linux64_1.17.0.201812190825/tools/compiler/bin/../lib/gcc/arm-none-eabi/7.3.1/thumb/v7-m/crti.o
 .data          0x0000000000000000        0x0 /home/lucifer/Ac6/SystemWorkbench/plugins/fr.ac6.mcu.externaltools.arm-none.linux64_1.17.0.201812190825/tools/compiler/bin/../lib/gcc/arm-none-eabi/7.3.1/thumb/v7-m/crti.o
 .bss           0x0000000000000000        0x0 /home/lucifer/Ac6/SystemWorkbench/plugins/fr.ac6.mcu.externaltools.arm-none.linux64_1.17.0.201812190825/tools/compiler/bin/../lib/gcc/arm-none-eabi/7.3.1/thumb/v7-m/crti.o
 .data          0x0000000000000000        0x4 /home/lucifer/Ac6/SystemWorkbench/plugins/fr.ac6.mcu.externaltools.arm-none.linux64_1.17.0.201812190825/tools/compiler/bin/../lib/gcc/arm-none-eabi/7.3.1/thumb/v7-m/crtbegin.o
 .text          0x0000000000000000       0x74 /home/lucifer/Ac6/SystemWorkbench/plugins/fr.ac6.mcu.externaltools.arm-none.linux64_1.17.0.201812190825/tools/compiler/bin/../lib/gcc/arm-none-eabi/7.3.1/../../../../arm-none-eabi/lib/thumb/v7-m/crt0.o
 .data          0x0000000000000000        0x0 /home/lucifer/Ac6/SystemWorkbench/plugins/fr.ac6.mcu.externaltools.arm-none.linux64_1.17.0.201812190825/tools/compiler/bin/../lib/gcc/arm-none-eabi/7.3.1/../../../../arm-none-eabi/lib/thumb/v7-m/crt0.o
 .bss           0x0000000000000000        0x0 /home/lucifer/Ac6/SystemWorkbench/plugins/fr.ac6.mcu.externaltools.arm-none.linux64_1.17.0.201812190825/tools/compiler/bin/../lib/gcc/arm-none-eabi/7.3.1/../../../../arm-none-eabi/lib/thumb/v7-m/crt0.o
 .ARM.extab     0x0000000000000000        0x0 /home/lucifer/Ac6/SystemWorkbench/plugins/fr.ac6.mcu.externaltools.arm-none.linux64_1.17.0.201812190825/tools/compiler/bin/../lib/gcc/arm-none-eabi/7.3.1/../../../../arm-none-eabi/lib/thumb/v7-m/crt0.o
 .ARM.exidx     0x0000000000000000        0x8 /home/lucifer/Ac6/SystemWorkbench/plugins/fr.ac6.mcu.externaltools.arm-none.linux64_1.17.0.201812190825/tools/compiler/bin/../lib/gcc/arm-none-eabi/7.3.1/../../../../arm-none-eabi/lib/thumb/v7-m/crt0.o
 .ARM.attributes
                0x0000000000000000       0x1b /home/lucifer/Ac6/SystemWorkbench/plugins/fr.ac6.mcu.externaltools.arm-none.linux64_1.17.0.201812190825/tools/compiler/bin/../lib/gcc/arm-none-eabi/7.3.1/../../../../arm-none-eabi/lib/thumb/v7-m/crt0.o
 .group         0x0000000000000000        0xc Drivers/SPI/spi_driver.o
 .group         0x0000000000000000        0xc Drivers/SPI/spi_driver.o
 .group         0x0000000000000000        0xc Drivers/SPI/spi_driver.o
 .group         0x0000000000000000        0xc Drivers/SPI/spi_driver.o
 .group         0x0000000000000000        0xc Drivers/SPI/spi_driver.o
 .group         0x0000000000000000        0xc Drivers/SPI/spi_driver.o
 .group         0x0000000000000000        0xc Drivers/SPI/spi_driver.o
 .group         0x0000000000000000        0xc Drivers/SPI/spi_driver.o
 .group         0x0000000000000000        0xc Drivers/SPI/spi_driver.o
 .group         0x0000000000000000        0xc Drivers/SPI/spi_driver.o
 .group         0x0000000000000000        0xc Drivers/SPI/spi_driver.o
 .group         0x0000000000000000        0xc Drivers/SPI/spi_driver.o
 .group         0x0000000000000000        0xc Drivers/SPI/spi_driver.o
 .text          0x0000000000000000        0x0 Drivers/SPI/spi_driver.o
 .bss           0x0000000000000000        0x0 Drivers/SPI/spi_driver.o
 .text.flash_read_id
                0x0000000000000000       0x60 Drivers/SPI/spi_driver.o
 .text.flash_write_disable
                0x0000000000000000       0x16 Drivers/SPI/spi_driver.o
 .text.flash_read_status_register1
                0x0000000000000000       0x26 Drivers/SPI/spi_driver.o
 .text.flash_read_status_register2
                0x0000000000000000       0x26 Drivers/SPI/spi_driver.o
 .text.flash_read_status_register3
                0x0000000000000000       0x26 Drivers/SPI/spi_driver.o
 .text.flash_write_status_register1
                0x0000000000000000       0x1a Drivers/SPI/spi_driver.o
 .text.flash_write_status_register2
                0x0000000000000000       0x1a Drivers/SPI/spi_driver.o
 .text.flash_write_status_register3
                0x0000000000000000       0x1a Drivers/SPI/spi_driver.o
 .text.flash_write_buffer
                0x0000000000000000       0x40 Drivers/SPI/spi_driver.o
 .group         0x0000000000000000        0xc Drivers/uart/uart_driver.o
 .group         0x0000000000000000        0xc Drivers/uart/uart_driver.o
 .group         0x0000000000000000        0xc Drivers/uart/uart_driver.o
 .group         0x0000000000000000        0xc Drivers/uart/uart_driver.o
 .group         0x0000000000000000        0xc Drivers/uart/uart_driver.o
 .group         0x0000000000000000        0xc Drivers/uart/uart_driver.o
 .group         0x0000000000000000        0xc Drivers/uart/uart_driver.o
 .group         0x0000000000000000        0xc Drivers/uart/uart_driver.o
 .group         0x0000000000000000        0xc Drivers/uart/uart_driver.o
 .group         0x0000000000000000        0xc Drivers/uart/uart_driver.o
 .group         0x0000000000000000        0xc Drivers/uart/uart_driver.o
 .group         0x0000000000000000        0xc Drivers/uart/uart_driver.o
 .text          0x0000000000000000        0x0 Drivers/uart/uart_driver.o
 .data          0x0000000000000000        0x0 Drivers/uart/uart_driver.o
 .bss           0x0000000000000000        0x0 Drivers/uart/uart_driver.o
 .text.send_byte
                0x0000000000000000       0x30 Drivers/uart/uart_driver.o
 .text.send_data
                0x0000000000000000       0x2a Drivers/uart/uart_driver.o
 .debug_macro   0x0000000000000000      0xa6c Drivers/uart/uart_driver.o
 .debug_macro   0x0000000000000000       0x5d Drivers/uart/uart_driver.o
 .debug_macro   0x0000000000000000       0x3a Drivers/uart/uart_driver.o
 .debug_macro   0x0000000000000000       0x22 Drivers/uart/uart_driver.o
 .debug_macro   0x0000000000000000       0x8e Drivers/uart/uart_driver.o
 .debug_macro   0x0000000000000000       0x51 Drivers/uart/uart_driver.o
 .debug_macro   0x0000000000000000       0xef Drivers/uart/uart_driver.o
 .debug_macro   0x0000000000000000       0x6a Drivers/uart/uart_driver.o
 .debug_macro   0x0000000000000000      0x1df Drivers/uart/uart_driver.o
 .debug_macro   0x0000000000000000       0x2d Drivers/uart/uart_driver.o
 .debug_macro   0x0000000000000000      0xa8b Drivers/uart/uart_driver.o
 .debug_macro   0x0000000000000000     0x7ee4 Drivers/uart/uart_driver.o
 .group         0x0000000000000000        0xc src/main.o
 .group         0x0000000000000000        0xc src/main.o
 .group         0x0000000000000000        0xc src/main.o
 .group         0x0000000000000000        0xc src/main.o
 .group         0x0000000000000000        0xc src/main.o
 .group         0x0000000000000000        0xc src/main.o
 .group         0x0000000000000000        0xc src/main.o
 .group         0x0000000000000000        0xc src/main.o
 .group         0x0000000000000000        0xc src/main.o
 .group         0x0000000000000000        0xc src/main.o
 .group         0x0000000000000000        0xc src/main.o
 .group         0x0000000000000000        0xc src/main.o
 .group         0x0000000000000000        0xc src/main.o
 .group         0x0000000000000000        0xc src/main.o
 .group         0x0000000000000000        0xc src/main.o
 .group         0x0000000000000000        0xc src/main.o
 .group         0x0000000000000000        0xc src/main.o
 .group         0x0000000000000000        0xc src/main.o
 .group         0x0000000000000000        0xc src/main.o
 .group         0x0000000000000000        0xc src/main.o
 .group         0x0000000000000000        0xc src/main.o
 .group         0x0000000000000000        0xc src/main.o
 .group         0x0000000000000000        0xc src/main.o
 .group         0x0000000000000000        0xc src/main.o
 .group         0x0000000000000000        0xc src/main.o
 .group         0x0000000000000000        0xc src/main.o
 .group         0x0000000000000000        0xc src/main.o
 .group         0x0000000000000000        0xc src/main.o
 .group         0x0000000000000000        0xc src/main.o
 .group         0x0000000000000000        0xc src/main.o
 .group         0x0000000000000000        0xc src/main.o
 .group         0x0000000000000000        0xc src/main.o
 .group         0x0000000000000000        0xc src/main.o
 .group         0x0000000000000000        0xc src/main.o
 .group         0x0000000000000000        0xc src/main.o
 .group         0x0000000000000000        0xc src/main.o
 .group         0x0000000000000000        0xc src/main.o
 .group         0x0000000000000000        0xc src/main.o
 .text          0x0000000000000000        0x0 src/main.o
 .data          0x0000000000000000        0x0 src/main.o
 .bss           0x0000000000000000        0x0 src/main.o
 .debug_macro   0x0000000000000000      0xa6c src/main.o
 .debug_macro   0x0000000000000000       0x5d src/main.o
 .debug_macro   0x0000000000000000       0x3a src/main.o
 .debug_macro   0x0000000000000000       0x22 src/main.o
 .debug_macro   0x0000000000000000       0x8e src/main.o
 .debug_macro   0x0000000000000000       0x51 src/main.o
 .debug_macro   0x0000000000000000       0xef src/main.o
 .debug_macro   0x0000000000000000       0x6a src/main.o
 .debug_macro   0x0000000000000000      0x1df src/main.o
 .debug_macro   0x0000000000000000       0x2d src/main.o
 .debug_macro   0x0000000000000000      0xa8b src/main.o
 .debug_macro   0x0000000000000000     0x7ee4 src/main.o
 COMMON         0x0000000000000000        0x8 src/main.o
 .group         0x0000000000000000        0xc src/syscalls.o
 .group         0x0000000000000000        0xc src/syscalls.o
 .group         0x0000000000000000        0xc src/syscalls.o
 .group         0x0000000000000000        0xc src/syscalls.o
 .group         0x0000000000000000        0xc src/syscalls.o
 .group         0x0000000000000000        0xc src/syscalls.o
 .group         0x0000000000000000        0xc src/syscalls.o
 .group         0x0000000000000000        0xc src/syscalls.o
 .group         0x0000000000000000        0xc src/syscalls.o
 .group         0x0000000000000000        0xc src/syscalls.o
 .group         0x0000000000000000        0xc src/syscalls.o
 .group         0x0000000000000000        0xc src/syscalls.o
 .group         0x0000000000000000        0xc src/syscalls.o
 .group         0x0000000000000000        0xc src/syscalls.o
 .group         0x0000000000000000        0xc src/syscalls.o
 .group         0x0000000000000000        0xc src/syscalls.o
 .group         0x0000000000000000        0xc src/syscalls.o
 .group         0x0000000000000000        0xc src/syscalls.o
 .group         0x0000000000000000        0xc src/syscalls.o
 .group         0x0000000000000000        0xc src/syscalls.o
 .group         0x0000000000000000        0xc src/syscalls.o
 .group         0x0000000000000000        0xc src/syscalls.o
 .group         0x0000000000000000        0xc src/syscalls.o
 .group         0x0000000000000000        0xc src/syscalls.o
 .group         0x0000000000000000        0xc src/syscalls.o
 .group         0x0000000000000000        0xc src/syscalls.o
 .group         0x0000000000000000        0xc src/syscalls.o
 .group         0x0000000000000000        0xc src/syscalls.o
 .group         0x0000000000000000        0xc src/syscalls.o
 .group         0x0000000000000000        0xc src/syscalls.o
 .group         0x0000000000000000        0xc src/syscalls.o
 .group         0x0000000000000000        0xc src/syscalls.o
 .group         0x0000000000000000        0xc src/syscalls.o
 .group         0x0000000000000000        0xc src/syscalls.o
 .group         0x0000000000000000        0xc src/syscalls.o
 .group         0x0000000000000000        0xc src/syscalls.o
 .group         0x0000000000000000        0xc src/syscalls.o
 .group         0x0000000000000000        0xc src/syscalls.o
 .group         0x0000000000000000        0xc src/syscalls.o
 .group         0x0000000000000000        0xc src/syscalls.o
 .group         0x0000000000000000        0xc src/syscalls.o
 .group         0x0000000000000000        0xc src/syscalls.o
 .group         0x0000000000000000        0xc src/syscalls.o
 .group         0x0000000000000000        0xc src/syscalls.o
 .text          0x0000000000000000        0x0 src/syscalls.o
 .data          0x0000000000000000        0x4 src/syscalls.o
 .bss           0x0000000000000000        0x8 src/syscalls.o
 .text.initialise_monitor_handles
                0x0000000000000000        0xc src/syscalls.o
 .text._getpid  0x0000000000000000        0xe src/syscalls.o
 .text._kill    0x0000000000000000       0x20 src/syscalls.o
 .text._exit    0x0000000000000000       0x14 src/syscalls.o
 .text._read    0x0000000000000000       0x3a src/syscalls.o
 .text._write   0x0000000000000000       0x38 src/syscalls.o
 .text._sbrk    0x0000000000000000       0x58 src/syscalls.o
 .text._close   0x0000000000000000       0x16 src/syscalls.o
 .text._fstat   0x0000000000000000       0x1e src/syscalls.o
 .text._isatty  0x0000000000000000       0x14 src/syscalls.o
 .text._lseek   0x0000000000000000       0x18 src/syscalls.o
 .text._open    0x0000000000000000       0x1a src/syscalls.o
 .text._wait    0x0000000000000000       0x1e src/syscalls.o
 .text._unlink  0x0000000000000000       0x1e src/syscalls.o
 .text._times   0x0000000000000000       0x16 src/syscalls.o
 .text._stat    0x0000000000000000       0x1e src/syscalls.o
 .text._link    0x0000000000000000       0x20 src/syscalls.o
 .text._fork    0x0000000000000000       0x16 src/syscalls.o
 .text._execve  0x0000000000000000       0x22 src/syscalls.o
 .debug_info    0x0000000000000000      0xf2e src/syscalls.o
 .debug_abbrev  0x0000000000000000      0x2aa src/syscalls.o
 .debug_aranges
                0x0000000000000000       0xb0 src/syscalls.o
 .debug_ranges  0x0000000000000000       0xa0 src/syscalls.o
 .debug_macro   0x0000000000000000      0x243 src/syscalls.o
 .debug_macro   0x0000000000000000      0xa6c src/syscalls.o
 .debug_macro   0x0000000000000000       0x22 src/syscalls.o
 .debug_macro   0x0000000000000000       0x58 src/syscalls.o
 .debug_macro   0x0000000000000000       0x18 src/syscalls.o
 .debug_macro   0x0000000000000000       0x94 src/syscalls.o
 .debug_macro   0x0000000000000000       0x35 src/syscalls.o
 .debug_macro   0x0000000000000000       0x34 src/syscalls.o
 .debug_macro   0x0000000000000000       0x57 src/syscalls.o
 .debug_macro   0x0000000000000000      0x174 src/syscalls.o
 .debug_macro   0x0000000000000000      0x330 src/syscalls.o
 .debug_macro   0x0000000000000000       0x58 src/syscalls.o
 .debug_macro   0x0000000000000000       0x1f src/syscalls.o
 .debug_macro   0x0000000000000000       0x43 src/syscalls.o
 .debug_macro   0x0000000000000000       0x20 src/syscalls.o
 .debug_macro   0x0000000000000000      0x18e src/syscalls.o
 .debug_macro   0x0000000000000000       0x10 src/syscalls.o
 .debug_macro   0x0000000000000000       0x35 src/syscalls.o
 .debug_macro   0x0000000000000000       0x10 src/syscalls.o
 .debug_macro   0x0000000000000000       0x10 src/syscalls.o
 .debug_macro   0x0000000000000000       0x10 src/syscalls.o
 .debug_macro   0x0000000000000000       0x6a src/syscalls.o
 .debug_macro   0x0000000000000000       0x1c src/syscalls.o
 .debug_macro   0x0000000000000000       0x52 src/syscalls.o
 .debug_macro   0x0000000000000000       0x40 src/syscalls.o
 .debug_macro   0x0000000000000000       0x10 src/syscalls.o
 .debug_macro   0x0000000000000000       0x40 src/syscalls.o
 .debug_macro   0x0000000000000000       0xd7 src/syscalls.o
 .debug_macro   0x0000000000000000       0x1c src/syscalls.o
 .debug_macro   0x0000000000000000       0x3d src/syscalls.o
 .debug_macro   0x0000000000000000       0x35 src/syscalls.o
 .debug_macro   0x0000000000000000      0x122 src/syscalls.o
 .debug_macro   0x0000000000000000       0x16 src/syscalls.o
 .debug_macro   0x0000000000000000       0x16 src/syscalls.o
 .debug_macro   0x0000000000000000       0x29 src/syscalls.o
 .debug_macro   0x0000000000000000       0x10 src/syscalls.o
 .debug_macro   0x0000000000000000      0x241 src/syscalls.o
 .debug_macro   0x0000000000000000       0x1c src/syscalls.o
 .debug_macro   0x0000000000000000       0x10 src/syscalls.o
 .debug_macro   0x0000000000000000       0x10 src/syscalls.o
 .debug_macro   0x0000000000000000       0x16 src/syscalls.o
 .debug_macro   0x0000000000000000      0x16f src/syscalls.o
 .debug_macro   0x0000000000000000      0x189 src/syscalls.o
 .debug_macro   0x0000000000000000       0x16 src/syscalls.o
 .debug_macro   0x0000000000000000       0x88 src/syscalls.o
 .debug_line    0x0000000000000000      0x613 src/syscalls.o
 .debug_str     0x0000000000000000     0x856e src/syscalls.o
 .comment       0x0000000000000000       0x80 src/syscalls.o
 .debug_frame   0x0000000000000000      0x2d0 src/syscalls.o
 .ARM.attributes
                0x0000000000000000       0x33 src/syscalls.o
 .group         0x0000000000000000        0xc src/system_stm32f10x.o
 .group         0x0000000000000000        0xc src/system_stm32f10x.o
 .group         0x0000000000000000        0xc src/system_stm32f10x.o
 .group         0x0000000000000000        0xc src/system_stm32f10x.o
 .group         0x0000000000000000        0xc src/system_stm32f10x.o
 .group         0x0000000000000000        0xc src/system_stm32f10x.o
 .group         0x0000000000000000        0xc src/system_stm32f10x.o
 .group         0x0000000000000000        0xc src/system_stm32f10x.o
 .group         0x0000000000000000        0xc src/system_stm32f10x.o
 .group         0x0000000000000000        0xc src/system_stm32f10x.o
 .group         0x0000000000000000        0xc src/system_stm32f10x.o
 .group         0x0000000000000000        0xc src/system_stm32f10x.o
 .text          0x0000000000000000        0x0 src/system_stm32f10x.o
 .bss           0x0000000000000000        0x0 src/system_stm32f10x.o
 .debug_macro   0x0000000000000000      0xa6c src/system_stm32f10x.o
 .debug_macro   0x0000000000000000       0x5d src/system_stm32f10x.o
 .debug_macro   0x0000000000000000       0x3a src/system_stm32f10x.o
 .debug_macro   0x0000000000000000       0x22 src/system_stm32f10x.o
 .debug_macro   0x0000000000000000       0x8e src/system_stm32f10x.o
 .debug_macro   0x0000000000000000       0x51 src/system_stm32f10x.o
 .debug_macro   0x0000000000000000       0xef src/system_stm32f10x.o
 .debug_macro   0x0000000000000000       0x6a src/system_stm32f10x.o
 .debug_macro   0x0000000000000000      0x1df src/system_stm32f10x.o
 .debug_macro   0x0000000000000000       0x2d src/system_stm32f10x.o
 .debug_macro   0x0000000000000000      0xa8b src/system_stm32f10x.o
 .debug_macro   0x0000000000000000     0x7ee4 src/system_stm32f10x.o
 .text          0x0000000000000000       0x14 startup/startup_stm32f10x_md.o
 .data          0x0000000000000000        0x0 startup/startup_stm32f10x_md.o
 .bss           0x0000000000000000        0x0 startup/startup_stm32f10x_md.o
 .text          0x0000000000000000        0x0 /home/lucifer/Ac6/SystemWorkbench/plugins/fr.ac6.mcu.externaltools.arm-none.linux64_1.17.0.201812190825/tools/compiler/bin/../lib/gcc/arm-none-eabi/7.3.1/../../../../arm-none-eabi/lib/thumb/v7-m/libc.a(lib_a-errno.o)
 .data          0x0000000000000000        0x0 /home/lucifer/Ac6/SystemWorkbench/plugins/fr.ac6.mcu.externaltools.arm-none.linux64_1.17.0.201812190825/tools/compiler/bin/../lib/gcc/arm-none-eabi/7.3.1/../../../../arm-none-eabi/lib/thumb/v7-m/libc.a(lib_a-errno.o)
 .bss           0x0000000000000000        0x0 /home/lucifer/Ac6/SystemWorkbench/plugins/fr.ac6.mcu.externaltools.arm-none.linux64_1.17.0.201812190825/tools/compiler/bin/../lib/gcc/arm-none-eabi/7.3.1/../../../../arm-none-eabi/lib/thumb/v7-m/libc.a(lib_a-errno.o)
 .text.__errno  0x0000000000000000        0xc /home/lucifer/Ac6/SystemWorkbench/plugins/fr.ac6.mcu.externaltools.arm-none.linux64_1.17.0.201812190825/tools/compiler/bin/../lib/gcc/arm-none-eabi/7.3.1/../../../../arm-none-eabi/lib/thumb/v7-m/libc.a(lib_a-errno.o)
 .debug_frame   0x0000000000000000       0x20 /home/lucifer/Ac6/SystemWorkbench/plugins/fr.ac6.mcu.externaltools.arm-none.linux64_1.17.0.201812190825/tools/compiler/bin/../lib/gcc/arm-none-eabi/7.3.1/../../../../arm-none-eabi/lib/thumb/v7-m/libc.a(lib_a-errno.o)
 .ARM.attributes
                0x0000000000000000       0x2d /home/lucifer/Ac6/SystemWorkbench/plugins/fr.ac6.mcu.externaltools.arm-none.linux64_1.17.0.201812190825/tools/compiler/bin/../lib/gcc/arm-none-eabi/7.3.1/../../../../arm-none-eabi/lib/thumb/v7-m/libc.a(lib_a-errno.o)
 .text          0x0000000000000000        0x0 /home/lucifer/Ac6/SystemWorkbench/plugins/fr.ac6.mcu.externaltools.arm-none.linux64_1.17.0.201812190825/tools/compiler/bin/../lib/gcc/arm-none-eabi/7.3.1/../../../../arm-none-eabi/lib/thumb/v7-m/libc.a(lib_a-exit.o)
 .data          0x0000000000000000        0x0 /home/lucifer/Ac6/SystemWorkbench/plugins/fr.ac6.mcu.externaltools.arm-none.linux64_1.17.0.201812190825/tools/compiler/bin/../lib/gcc/arm-none-eabi/7.3.1/../../../../arm-none-eabi/lib/thumb/v7-m/libc.a(lib_a-exit.o)
 .bss           0x0000000000000000        0x0 /home/lucifer/Ac6/SystemWorkbench/plugins/fr.ac6.mcu.externaltools.arm-none.linux64_1.17.0.201812190825/tools/compiler/bin/../lib/gcc/arm-none-eabi/7.3.1/../../../../arm-none-eabi/lib/thumb/v7-m/libc.a(lib_a-exit.o)
 .text.exit     0x0000000000000000       0x20 /home/lucifer/Ac6/SystemWorkbench/plugins/fr.ac6.mcu.externaltools.arm-none.linux64_1.17.0.201812190825/tools/compiler/bin/../lib/gcc/arm-none-eabi/7.3.1/../../../../arm-none-eabi/lib/thumb/v7-m/libc.a(lib_a-exit.o)
 .debug_frame   0x0000000000000000       0x28 /home/lucifer/Ac6/SystemWorkbench/plugins/fr.ac6.mcu.externaltools.arm-none.linux64_1.17.0.201812190825/tools/compiler/bin/../lib/gcc/arm-none-eabi/7.3.1/../../../../arm-none-eabi/lib/thumb/v7-m/libc.a(lib_a-exit.o)
 .ARM.attributes
                0x0000000000000000       0x2d /home/lucifer/Ac6/SystemWorkbench/plugins/fr.ac6.mcu.externaltools.arm-none.linux64_1.17.0.201812190825/tools/compiler/bin/../lib/gcc/arm-none-eabi/7.3.1/../../../../arm-none-eabi/lib/thumb/v7-m/libc.a(lib_a-exit.o)
 .text          0x0000000000000000        0x0 /home/lucifer/Ac6/SystemWorkbench/plugins/fr.ac6.mcu.externaltools.arm-none.linux64_1.17.0.201812190825/tools/compiler/bin/../lib/gcc/arm-none-eabi/7.3.1/../../../../arm-none-eabi/lib/thumb/v7-m/libc.a(lib_a-impure.o)
 .data          0x0000000000000000        0x0 /home/lucifer/Ac6/SystemWorkbench/plugins/fr.ac6.mcu.externaltools.arm-none.linux64_1.17.0.201812190825/tools/compiler/bin/../lib/gcc/arm-none-eabi/7.3.1/../../../../arm-none-eabi/lib/thumb/v7-m/libc.a(lib_a-impure.o)
 .bss           0x0000000000000000        0x0 /home/lucifer/Ac6/SystemWorkbench/plugins/fr.ac6.mcu.externaltools.arm-none.linux64_1.17.0.201812190825/tools/compiler/bin/../lib/gcc/arm-none-eabi/7.3.1/../../../../arm-none-eabi/lib/thumb/v7-m/libc.a(lib_a-impure.o)
 .data._impure_ptr
                0x0000000000000000        0x4 /home/lucifer/Ac6/SystemWorkbench/plugins/fr.ac6.mcu.externaltools.arm-none.linux64_1.17.0.201812190825/tools/compiler/bin/../lib/gcc/arm-none-eabi/7.3.1/../../../../arm-none-eabi/lib/thumb/v7-m/libc.a(lib_a-impure.o)
 .text          0x0000000000000000        0x0 /home/lucifer/Ac6/SystemWorkbench/plugins/fr.ac6.mcu.externaltools.arm-none.linux64_1.17.0.201812190825/tools/compiler/bin/../lib/gcc/arm-none-eabi/7.3.1/../../../../arm-none-eabi/lib/thumb/v7-m/libc.a(lib_a-init.o)
 .data          0x0000000000000000        0x0 /home/lucifer/Ac6/SystemWorkbench/plugins/fr.ac6.mcu.externaltools.arm-none.linux64_1.17.0.201812190825/tools/compiler/bin/../lib/gcc/arm-none-eabi/7.3.1/../../../../arm-none-eabi/lib/thumb/v7-m/libc.a(lib_a-init.o)
 .bss           0x0000000000000000        0x0 /home/lucifer/Ac6/SystemWorkbench/plugins/fr.ac6.mcu.externaltools.arm-none.linux64_1.17.0.201812190825/tools/compiler/bin/../lib/gcc/arm-none-eabi/7.3.1/../../../../arm-none-eabi/lib/thumb/v7-m/libc.a(lib_a-init.o)
 .text          0x0000000000000000        0x0 /home/lucifer/Ac6/SystemWorkbench/plugins/fr.ac6.mcu.externaltools.arm-none.linux64_1.17.0.201812190825/tools/compiler/bin/../lib/gcc/arm-none-eabi/7.3.1/../../../../arm-none-eabi/lib/thumb/v7-m/libc.a(lib_a-memset.o)
 .data          0x0000000000000000        0x0 /home/lucifer/Ac6/SystemWorkbench/plugins/fr.ac6.mcu.externaltools.arm-none.linux64_1.17.0.201812190825/tools/compiler/bin/../lib/gcc/arm-none-eabi/7.3.1/../../../../arm-none-eabi/lib/thumb/v7-m/libc.a(lib_a-memset.o)
 .bss           0x0000000000000000        0x0 /home/lucifer/Ac6/SystemWorkbench/plugins/fr.ac6.mcu.externaltools.arm-none.linux64_1.17.0.201812190825/tools/compiler/bin/../lib/gcc/arm-none-eabi/7.3.1/../../../../arm-none-eabi/lib/thumb/v7-m/libc.a(lib_a-memset.o)
 .text.memset   0x0000000000000000       0x94 /home/lucifer/Ac6/SystemWorkbench/plugins/fr.ac6.mcu.externaltools.arm-none.linux64_1.17.0.201812190825/tools/compiler/bin/../lib/gcc/arm-none-eabi/7.3.1/../../../../arm-none-eabi/lib/thumb/v7-m/libc.a(lib_a-memset.o)
 .debug_frame   0x0000000000000000       0x38 /home/lucifer/Ac6/SystemWorkbench/plugins/fr.ac6.mcu.externaltools.arm-none.linux64_1.17.0.201812190825/tools/compiler/bin/../lib/gcc/arm-none-eabi/7.3.1/../../../../arm-none-eabi/lib/thumb/v7-m/libc.a(lib_a-memset.o)
 .ARM.attributes
                0x0000000000000000       0x2d /home/lucifer/Ac6/SystemWorkbench/plugins/fr.ac6.mcu.externaltools.arm-none.linux64_1.17.0.201812190825/tools/compiler/bin/../lib/gcc/arm-none-eabi/7.3.1/../../../../arm-none-eabi/lib/thumb/v7-m/libc.a(lib_a-memset.o)
 .text          0x0000000000000000        0x0 /home/lucifer/Ac6/SystemWorkbench/plugins/fr.ac6.mcu.externaltools.arm-none.linux64_1.17.0.201812190825/tools/compiler/bin/../lib/gcc/arm-none-eabi/7.3.1/../../../../arm-none-eabi/lib/thumb/v7-m/libc.a(lib_a-__call_atexit.o)
 .data          0x0000000000000000        0x0 /home/lucifer/Ac6/SystemWorkbench/plugins/fr.ac6.mcu.externaltools.arm-none.linux64_1.17.0.201812190825/tools/compiler/bin/../lib/gcc/arm-none-eabi/7.3.1/../../../../arm-none-eabi/lib/thumb/v7-m/libc.a(lib_a-__call_atexit.o)
 .bss           0x0000000000000000        0x0 /home/lucifer/Ac6/SystemWorkbench/plugins/fr.ac6.mcu.externaltools.arm-none.linux64_1.17.0.201812190825/tools/compiler/bin/../lib/gcc/arm-none-eabi/7.3.1/../../../../arm-none-eabi/lib/thumb/v7-m/libc.a(lib_a-__call_atexit.o)
 .text.__call_exitprocs
                0x0000000000000000       0xe8 /home/lucifer/Ac6/SystemWorkbench/plugins/fr.ac6.mcu.externaltools.arm-none.linux64_1.17.0.201812190825/tools/compiler/bin/../lib/gcc/arm-none-eabi/7.3.1/../../../../arm-none-eabi/lib/thumb/v7-m/libc.a(lib_a-__call_atexit.o)
 .text          0x0000000000000000        0x0 /home/lucifer/Ac6/SystemWorkbench/plugins/fr.ac6.mcu.externaltools.arm-none.linux64_1.17.0.201812190825/tools/compiler/bin/../lib/gcc/arm-none-eabi/7.3.1/../../../../arm-none-eabi/lib/thumb/v7-m/libc.a(lib_a-atexit.o)
 .data          0x0000000000000000        0x0 /home/lucifer/Ac6/SystemWorkbench/plugins/fr.ac6.mcu.externaltools.arm-none.linux64_1.17.0.201812190825/tools/compiler/bin/../lib/gcc/arm-none-eabi/7.3.1/../../../../arm-none-eabi/lib/thumb/v7-m/libc.a(lib_a-atexit.o)
 .bss           0x0000000000000000        0x0 /home/lucifer/Ac6/SystemWorkbench/plugins/fr.ac6.mcu.externaltools.arm-none.linux64_1.17.0.201812190825/tools/compiler/bin/../lib/gcc/arm-none-eabi/7.3.1/../../../../arm-none-eabi/lib/thumb/v7-m/libc.a(lib_a-atexit.o)
 .text          0x0000000000000000        0x0 /home/lucifer/Ac6/SystemWorkbench/plugins/fr.ac6.mcu.externaltools.arm-none.linux64_1.17.0.201812190825/tools/compiler/bin/../lib/gcc/arm-none-eabi/7.3.1/../../../../arm-none-eabi/lib/thumb/v7-m/libc.a(lib_a-fini.o)
 .data          0x0000000000000000        0x0 /home/lucifer/Ac6/SystemWorkbench/plugins/fr.ac6.mcu.externaltools.arm-none.linux64_1.17.0.201812190825/tools/compiler/bin/../lib/gcc/arm-none-eabi/7.3.1/../../../../arm-none-eabi/lib/thumb/v7-m/libc.a(lib_a-fini.o)
 .bss           0x0000000000000000        0x0 /home/lucifer/Ac6/SystemWorkbench/plugins/fr.ac6.mcu.externaltools.arm-none.linux64_1.17.0.201812190825/tools/compiler/bin/../lib/gcc/arm-none-eabi/7.3.1/../../../../arm-none-eabi/lib/thumb/v7-m/libc.a(lib_a-fini.o)
 .text          0x0000000000000000        0x0 /home/lucifer/Ac6/SystemWorkbench/plugins/fr.ac6.mcu.externaltools.arm-none.linux64_1.17.0.201812190825/tools/compiler/bin/../lib/gcc/arm-none-eabi/7.3.1/../../../../arm-none-eabi/lib/thumb/v7-m/libc.a(lib_a-lock.o)
 .data          0x0000000000000000        0x0 /home/lucifer/Ac6/SystemWorkbench/plugins/fr.ac6.mcu.externaltools.arm-none.linux64_1.17.0.201812190825/tools/compiler/bin/../lib/gcc/arm-none-eabi/7.3.1/../../../../arm-none-eabi/lib/thumb/v7-m/libc.a(lib_a-lock.o)
 .bss           0x0000000000000000        0x0 /home/lucifer/Ac6/SystemWorkbench/plugins/fr.ac6.mcu.externaltools.arm-none.linux64_1.17.0.201812190825/tools/compiler/bin/../lib/gcc/arm-none-eabi/7.3.1/../../../../arm-none-eabi/lib/thumb/v7-m/libc.a(lib_a-lock.o)
 .text.__retarget_lock_init
                0x0000000000000000        0x4 /home/lucifer/Ac6/SystemWorkbench/plugins/fr.ac6.mcu.externaltools.arm-none.linux64_1.17.0.201812190825/tools/compiler/bin/../lib/gcc/arm-none-eabi/7.3.1/../../../../arm-none-eabi/lib/thumb/v7-m/libc.a(lib_a-lock.o)
 .text.__retarget_lock_init_recursive
                0x0000000000000000        0x4 /home/lucifer/Ac6/SystemWorkbench/plugins/fr.ac6.mcu.externaltools.arm-none.linux64_1.17.0.201812190825/tools/compiler/bin/../lib/gcc/arm-none-eabi/7.3.1/../../../../arm-none-eabi/lib/thumb/v7-m/libc.a(lib_a-lock.o)
 .text.__retarget_lock_close
                0x0000000000000000        0x4 /home/lucifer/Ac6/SystemWorkbench/plugins/fr.ac6.mcu.externaltools.arm-none.linux64_1.17.0.201812190825/tools/compiler/bin/../lib/gcc/arm-none-eabi/7.3.1/../../../../arm-none-eabi/lib/thumb/v7-m/libc.a(lib_a-lock.o)
 .text.__retarget_lock_close_recursive
                0x0000000000000000        0x4 /home/lucifer/Ac6/SystemWorkbench/plugins/fr.ac6.mcu.externaltools.arm-none.linux64_1.17.0.201812190825/tools/compiler/bin/../lib/gcc/arm-none-eabi/7.3.1/../../../../arm-none-eabi/lib/thumb/v7-m/libc.a(lib_a-lock.o)
 .text.__retarget_lock_acquire
                0x0000000000000000        0x4 /home/lucifer/Ac6/SystemWorkbench/plugins/fr.ac6.mcu.externaltools.arm-none.linux64_1.17.0.201812190825/tools/compiler/bin/../lib/gcc/arm-none-eabi/7.3.1/../../../../arm-none-eabi/lib/thumb/v7-m/libc.a(lib_a-lock.o)
 .text.__retarget_lock_try_acquire
                0x0000000000000000        0x4 /home/lucifer/Ac6/SystemWorkbench/plugins/fr.ac6.mcu.externaltools.arm-none.linux64_1.17.0.201812190825/tools/compiler/bin/../lib/gcc/arm-none-eabi/7.3.1/../../../../arm-none-eabi/lib/thumb/v7-m/libc.a(lib_a-lock.o)
 .text.__retarget_lock_try_acquire_recursive
                0x0000000000000000        0x4 /home/lucifer/Ac6/SystemWorkbench/plugins/fr.ac6.mcu.externaltools.arm-none.linux64_1.17.0.201812190825/tools/compiler/bin/../lib/gcc/arm-none-eabi/7.3.1/../../../../arm-none-eabi/lib/thumb/v7-m/libc.a(lib_a-lock.o)
 .text.__retarget_lock_release
                0x0000000000000000        0x4 /home/lucifer/Ac6/SystemWorkbench/plugins/fr.ac6.mcu.externaltools.arm-none.linux64_1.17.0.201812190825/tools/compiler/bin/../lib/gcc/arm-none-eabi/7.3.1/../../../../arm-none-eabi/lib/thumb/v7-m/libc.a(lib_a-lock.o)
 .text          0x0000000000000000        0x0 /home/lucifer/Ac6/SystemWorkbench/plugins/fr.ac6.mcu.externaltools.arm-none.linux64_1.17.0.201812190825/tools/compiler/bin/../lib/gcc/arm-none-eabi/7.3.1/../../../../arm-none-eabi/lib/thumb/v7-m/libc.a(lib_a-__atexit.o)
 .data          0x0000000000000000        0x0 /home/lucifer/Ac6/SystemWorkbench/plugins/fr.ac6.mcu.externaltools.arm-none.linux64_1.17.0.201812190825/tools/compiler/bin/../lib/gcc/arm-none-eabi/7.3.1/../../../../arm-none-eabi/lib/thumb/v7-m/libc.a(lib_a-__atexit.o)
 .bss           0x0000000000000000        0x0 /home/lucifer/Ac6/SystemWorkbench/plugins/fr.ac6.mcu.externaltools.arm-none.linux64_1.17.0.201812190825/tools/compiler/bin/../lib/gcc/arm-none-eabi/7.3.1/../../../../arm-none-eabi/lib/thumb/v7-m/libc.a(lib_a-__atexit.o)
 .text          0x0000000000000000        0x0 /home/lucifer/Ac6/SystemWorkbench/plugins/fr.ac6.mcu.externaltools.arm-none.linux64_1.17.0.201812190825/tools/compiler/bin/../lib/gcc/arm-none-eabi/7.3.1/thumb/v7-m/crtend.o
 .data          0x0000000000000000        0x0 /home/lucifer/Ac6/SystemWorkbench/plugins/fr.ac6.mcu.externaltools.arm-none.linux64_1.17.0.201812190825/tools/compiler/bin/../lib/gcc/arm-none-eabi/7.3.1/thumb/v7-m/crtend.o
 .bss           0x0000000000000000        0x0 /home/lucifer/Ac6/SystemWorkbench/plugins/fr.ac6.mcu.externaltools.arm-none.linux64_1.17.0.201812190825/tools/compiler/bin/../lib/gcc/arm-none-eabi/7.3.1/thumb/v7-m/crtend.o
 .eh_frame      0x0000000000000000        0x4 /home/lucifer/Ac6/SystemWorkbench/plugins/fr.ac6.mcu.externaltools.arm-none.linux64_1.17.0.201812190825/tools/compiler/bin/../lib/gcc/arm-none-eabi/7.3.1/thumb/v7-m/crtend.o
 .ARM.attributes
                0x0000000000000000       0x2d /home/lucifer/Ac6/SystemWorkbench/plugins/fr.ac6.mcu.externaltools.arm-none.linux64_1.17.0.201812190825/tools/compiler/bin/../lib/gcc/arm-none-eabi/7.3.1/thumb/v7-m/crtend.o
 .text          0x0000000000000000        0x0 /home/lucifer/Ac6/SystemWorkbench/plugins/fr.ac6.mcu.externaltools.arm-none.linux64_1.17.0.201812190825/tools/compiler/bin/../lib/gcc/arm-none-eabi/7.3.1/thumb/v7-m/crtn.o
 .data          0x0000000000000000        0x0 /home/lucifer/Ac6/SystemWorkbench/plugins/fr.ac6.mcu.externaltools.arm-none.linux64_1.17.0.201812190825/tools/compiler/bin/../lib/gcc/arm-none-eabi/7.3.1/thumb/v7-m/crtn.o
 .bss           0x0000000000000000        0x0 /home/lucifer/Ac6/SystemWorkbench/plugins/fr.ac6.mcu.externaltools.arm-none.linux64_1.17.0.201812190825/tools/compiler/bin/../lib/gcc/arm-none-eabi/7.3.1/thumb/v7-m/crtn.o

Memory Configuration

Name             Origin             Length             Attributes
FLASH            0x0000000008000000 0x0000000000020000 xr
RAM              0x0000000020000000 0x0000000000005000 xrw
MEMORY_B1        0x0000000060000000 0x0000000000000000 xr
*default*        0x0000000000000000 0xffffffffffffffff

Linker script and memory map

LOAD /home/lucifer/Ac6/SystemWorkbench/plugins/fr.ac6.mcu.externaltools.arm-none.linux64_1.17.0.201812190825/tools/compiler/bin/../lib/gcc/arm-none-eabi/7.3.1/thumb/v7-m/crti.o
LOAD /home/lucifer/Ac6/SystemWorkbench/plugins/fr.ac6.mcu.externaltools.arm-none.linux64_1.17.0.201812190825/tools/compiler/bin/../lib/gcc/arm-none-eabi/7.3.1/thumb/v7-m/crtbegin.o
LOAD /home/lucifer/Ac6/SystemWorkbench/plugins/fr.ac6.mcu.externaltools.arm-none.linux64_1.17.0.201812190825/tools/compiler/bin/../lib/gcc/arm-none-eabi/7.3.1/../../../../arm-none-eabi/lib/thumb/v7-m/crt0.o
LOAD Drivers/SPI/spi_driver.o
LOAD Drivers/uart/uart_driver.o
LOAD src/main.o
LOAD src/syscalls.o
LOAD src/system_stm32f10x.o
LOAD startup/startup_stm32f10x_md.o
LOAD /home/lucifer/Ac6/SystemWorkbench/plugins/fr.ac6.mcu.externaltools.arm-none.linux64_1.17.0.201812190825/tools/compiler/bin/../lib/gcc/arm-none-eabi/7.3.1/../../../../arm-none-eabi/lib/thumb/v7-m/libm.a
START GROUP
LOAD /home/lucifer/Ac6/SystemWorkbench/plugins/fr.ac6.mcu.externaltools.arm-none.linux64_1.17.0.201812190825/tools/compiler/bin/../lib/gcc/arm-none-eabi/7.3.1/thumb/v7-m/libgcc.a
LOAD /home/lucifer/Ac6/SystemWorkbench/plugins/fr.ac6.mcu.externaltools.arm-none.linux64_1.17.0.201812190825/tools/compiler/bin/../lib/gcc/arm-none-eabi/7.3.1/../../../../arm-none-eabi/lib/thumb/v7-m/libc.a
END GROUP
LOAD /home/lucifer/Ac6/SystemWorkbench/plugins/fr.ac6.mcu.externaltools.arm-none.linux64_1.17.0.201812190825/tools/compiler/bin/../lib/gcc/arm-none-eabi/7.3.1/thumb/v7-m/crtend.o
LOAD /home/lucifer/Ac6/SystemWorkbench/plugins/fr.ac6.mcu.externaltools.arm-none.linux64_1.17.0.201812190825/tools/compiler/bin/../lib/gcc/arm-none-eabi/7.3.1/thumb/v7-m/crtn.o
                0x0000000020005000                _estack = 0x20005000
                0x0000000000000000                _Min_Heap_Size = 0x0
                0x0000000000000100                _Min_Stack_Size = 0x100

.isr_vector     0x0000000008000000      0x10c
                0x0000000008000000                . = ALIGN (0x4)
 *(.isr_vector)
 .isr_vector    0x0000000008000000      0x10c startup/startup_stm32f10x_md.o
                0x0000000008000000                g_pfnVectors
                0x000000000800010c                . = ALIGN (0x4)

.text           0x000000000800010c      0x690
                0x000000000800010c                . = ALIGN (0x4)
 *(.text)
 .text          0x000000000800010c       0x40 /home/lucifer/Ac6/SystemWorkbench/plugins/fr.ac6.mcu.externaltools.arm-none.linux64_1.17.0.201812190825/tools/compiler/bin/../lib/gcc/arm-none-eabi/7.3.1/thumb/v7-m/crtbegin.o
 *(.text*)
 .text.chipselect_low
                0x000000000800014c       0x1c Drivers/SPI/spi_driver.o
                0x000000000800014c                chipselect_low
 .text.chipselect_high
                0x0000000008000168       0x1c Drivers/SPI/spi_driver.o
                0x0000000008000168                chipselect_high
 .text.spi_init
                0x0000000008000184       0xb0 Drivers/SPI/spi_driver.o
                0x0000000008000184                spi_init
 .text.spi_send_byte
                0x0000000008000234       0x48 Drivers/SPI/spi_driver.o
                0x0000000008000234                spi_send_byte
 .text.spi_receive_byte
                0x000000000800027c       0x1c Drivers/SPI/spi_driver.o
                0x000000000800027c                spi_receive_byte
 .text.flash_write_enable
                0x0000000008000298       0x16 Drivers/SPI/spi_driver.o
                0x0000000008000298                flash_write_enable
 .text.flash_write_page
                0x00000000080002ae       0x52 Drivers/SPI/spi_driver.o
                0x00000000080002ae                flash_write_page
 .text.flash_read_buffer
                0x0000000008000300       0x4c Drivers/SPI/spi_driver.o
                0x0000000008000300                flash_read_buffer
 .text.uart_init
                0x000000000800034c       0x5c Drivers/uart/uart_driver.o
                0x000000000800034c                uart_init
 .text.main     0x00000000080003a8       0x34 src/main.o
                0x00000000080003a8                main
 .text.SystemInit
                0x00000000080003dc       0x68 src/system_stm32f10x.o
                0x00000000080003dc                SystemInit
 .text.SystemCoreClockUpdate
                0x0000000008000444       0xd8 src/system_stm32f10x.o
                0x0000000008000444                SystemCoreClockUpdate
 .text.SetSysClock
                0x000000000800051c       0xb8 src/system_stm32f10x.o
 .text.Reset_Handler
                0x00000000080005d4       0x48 startup/startup_stm32f10x_md.o
                0x00000000080005d4                Reset_Handler
 .text.Default_Handler
                0x000000000800061c        0x2 startup/startup_stm32f10x_md.o
                0x000000000800061c                EXTI2_IRQHandler
                0x000000000800061c                DebugMon_Handler
                0x000000000800061c                TIM1_CC_IRQHandler
                0x000000000800061c                HardFault_Handler
                0x000000000800061c                SysTick_Handler
                0x000000000800061c                PVD_IRQHandler
                0x000000000800061c                PendSV_Handler
                0x000000000800061c                NMI_Handler
                0x000000000800061c                EXTI3_IRQHandler
                0x000000000800061c                EXTI0_IRQHandler
                0x000000000800061c                I2C2_EV_IRQHandler
                0x000000000800061c                UsageFault_Handler
                0x000000000800061c                ADC1_2_IRQHandler
                0x000000000800061c                SPI1_IRQHandler
                0x000000000800061c                TAMPER_IRQHandler
                0x000000000800061c                DMA1_Channel4_IRQHandler
                0x000000000800061c                USART3_IRQHandler
                0x000000000800061c                RTC_IRQHandler
                0x000000000800061c                DMA1_Channel7_IRQHandler
                0x000000000800061c                CAN1_RX1_IRQHandler
                0x000000000800061c                TIM4_IRQHandler
                0x000000000800061c                I2C1_EV_IRQHandler
                0x000000000800061c                DMA1_Channel6_IRQHandler
                0x000000000800061c                TIM3_IRQHandler
                0x000000000800061c                RCC_IRQHandler
                0x000000000800061c                TIM1_TRG_COM_IRQHandler
                0x000000000800061c                DMA1_Channel1_IRQHandler
                0x000000000800061c                Default_Handler
                0x000000000800061c                EXTI15_10_IRQHandler
                0x000000000800061c                EXTI9_5_IRQHandler
                0x000000000800061c                SPI2_IRQHandler
                0x000000000800061c                MemManage_Handler
                0x000000000800061c                SVC_Handler
                0x000000000800061c                DMA1_Channel5_IRQHandler
                0x000000000800061c                EXTI4_IRQHandler
                0x000000000800061c                USB_LP_CAN1_RX0_IRQHandler
                0x000000000800061c                USB_HP_CAN1_TX_IRQHandler
                0x000000000800061c                DMA1_Channel3_IRQHandler
                0x000000000800061c                TIM1_UP_IRQHandler
                0x000000000800061c                WWDG_IRQHandler
                0x000000000800061c                TIM2_IRQHandler
                0x000000000800061c                TIM1_BRK_IRQHandler
                0x000000000800061c                EXTI1_IRQHandler
                0x000000000800061c                RTCAlarm_IRQHandler
                0x000000000800061c                USART2_IRQHandler
                0x000000000800061c                I2C2_ER_IRQHandler
                0x000000000800061c                DMA1_Channel2_IRQHandler
                0x000000000800061c                CAN1_SCE_IRQHandler
                0x000000000800061c                FLASH_IRQHandler
                0x000000000800061c                BusFault_Handler
                0x000000000800061c                USART1_IRQHandler
                0x000000000800061c                I2C1_ER_IRQHandler
                0x000000000800061c                USBWakeUp_IRQHandler
 *fill*         0x000000000800061e        0x2 
 .text.__libc_init_array
                0x0000000008000620       0x48 /home/lucifer/Ac6/SystemWorkbench/plugins/fr.ac6.mcu.externaltools.arm-none.linux64_1.17.0.201812190825/tools/compiler/bin/../lib/gcc/arm-none-eabi/7.3.1/../../../../arm-none-eabi/lib/thumb/v7-m/libc.a(lib_a-init.o)
                0x0000000008000620                __libc_init_array
 .text.startup.register_fini
                0x0000000008000668       0x14 /home/lucifer/Ac6/SystemWorkbench/plugins/fr.ac6.mcu.externaltools.arm-none.linux64_1.17.0.201812190825/tools/compiler/bin/../lib/gcc/arm-none-eabi/7.3.1/../../../../arm-none-eabi/lib/thumb/v7-m/libc.a(lib_a-__call_atexit.o)
 .text.atexit   0x000000000800067c        0xc /home/lucifer/Ac6/SystemWorkbench/plugins/fr.ac6.mcu.externaltools.arm-none.linux64_1.17.0.201812190825/tools/compiler/bin/../lib/gcc/arm-none-eabi/7.3.1/../../../../arm-none-eabi/lib/thumb/v7-m/libc.a(lib_a-atexit.o)
                0x000000000800067c                atexit
 .text.__libc_fini_array
                0x0000000008000688       0x34 /home/lucifer/Ac6/SystemWorkbench/plugins/fr.ac6.mcu.externaltools.arm-none.linux64_1.17.0.201812190825/tools/compiler/bin/../lib/gcc/arm-none-eabi/7.3.1/../../../../arm-none-eabi/lib/thumb/v7-m/libc.a(lib_a-fini.o)
                0x0000000008000688                __libc_fini_array
 .text.__retarget_lock_acquire_recursive
                0x00000000080006bc        0x4 /home/lucifer/Ac6/SystemWorkbench/plugins/fr.ac6.mcu.externaltools.arm-none.linux64_1.17.0.201812190825/tools/compiler/bin/../lib/gcc/arm-none-eabi/7.3.1/../../../../arm-none-eabi/lib/thumb/v7-m/libc.a(lib_a-lock.o)
                0x00000000080006bc                __retarget_lock_acquire_recursive
 .text.__retarget_lock_release_recursive
                0x00000000080006c0        0x4 /home/lucifer/Ac6/SystemWorkbench/plugins/fr.ac6.mcu.externaltools.arm-none.linux64_1.17.0.201812190825/tools/compiler/bin/../lib/gcc/arm-none-eabi/7.3.1/../../../../arm-none-eabi/lib/thumb/v7-m/libc.a(lib_a-lock.o)
                0x00000000080006c0                __retarget_lock_release_recursive
 .text.__register_exitproc
                0x00000000080006c4       0xc0 /home/lucifer/Ac6/SystemWorkbench/plugins/fr.ac6.mcu.externaltools.arm-none.linux64_1.17.0.201812190825/tools/compiler/bin/../lib/gcc/arm-none-eabi/7.3.1/../../../../arm-none-eabi/lib/thumb/v7-m/libc.a(lib_a-__atexit.o)
                0x00000000080006c4                __register_exitproc
 *(.glue_7)
 .glue_7        0x0000000008000784        0x0 linker stubs
 *(.glue_7t)
 .glue_7t       0x0000000008000784        0x0 linker stubs
 *(.eh_frame)
 .eh_frame      0x0000000008000784        0x0 /home/lucifer/Ac6/SystemWorkbench/plugins/fr.ac6.mcu.externaltools.arm-none.linux64_1.17.0.201812190825/tools/compiler/bin/../lib/gcc/arm-none-eabi/7.3.1/thumb/v7-m/crtbegin.o
 *(.init)
 .init          0x0000000008000784        0x4 /home/lucifer/Ac6/SystemWorkbench/plugins/fr.ac6.mcu.externaltools.arm-none.linux64_1.17.0.201812190825/tools/compiler/bin/../lib/gcc/arm-none-eabi/7.3.1/thumb/v7-m/crti.o
                0x0000000008000784                _init
 .init          0x0000000008000788        0x8 /home/lucifer/Ac6/SystemWorkbench/plugins/fr.ac6.mcu.externaltools.arm-none.linux64_1.17.0.201812190825/tools/compiler/bin/../lib/gcc/arm-none-eabi/7.3.1/thumb/v7-m/crtn.o
 *(.fini)
 .fini          0x0000000008000790        0x4 /home/lucifer/Ac6/SystemWorkbench/plugins/fr.ac6.mcu.externaltools.arm-none.linux64_1.17.0.201812190825/tools/compiler/bin/../lib/gcc/arm-none-eabi/7.3.1/thumb/v7-m/crti.o
                0x0000000008000790                _fini
 .fini          0x0000000008000794        0x8 /home/lucifer/Ac6/SystemWorkbench/plugins/fr.ac6.mcu.externaltools.arm-none.linux64_1.17.0.201812190825/tools/compiler/bin/../lib/gcc/arm-none-eabi/7.3.1/thumb/v7-m/crtn.o
                0x000000000800079c                . = ALIGN (0x4)
                0x000000000800079c                _etext = .

.vfp11_veneer   0x000000000800079c        0x0
 .vfp11_veneer  0x000000000800079c        0x0 linker stubs

.v4_bx          0x000000000800079c        0x0
 .v4_bx         0x000000000800079c        0x0 linker stubs

.iplt           0x000000000800079c        0x0
 .iplt          0x000000000800079c        0x0 /home/lucifer/Ac6/SystemWorkbench/plugins/fr.ac6.mcu.externaltools.arm-none.linux64_1.17.0.201812190825/tools/compiler/bin/../lib/gcc/arm-none-eabi/7.3.1/thumb/v7-m/crtbegin.o

.rodata         0x000000000800079c        0x4
                0x000000000800079c                . = ALIGN (0x4)
 *(.rodata)
 *(.rodata*)
 .rodata._global_impure_ptr
                0x000000000800079c        0x4 /home/lucifer/Ac6/SystemWorkbench/plugins/fr.ac6.mcu.externaltools.arm-none.linux64_1.17.0.201812190825/tools/compiler/bin/../lib/gcc/arm-none-eabi/7.3.1/../../../../arm-none-eabi/lib/thumb/v7-m/libc.a(lib_a-impure.o)
                0x000000000800079c                _global_impure_ptr
                0x00000000080007a0                . = ALIGN (0x4)

.rel.dyn        0x00000000080007a0        0x0
 .rel.iplt      0x00000000080007a0        0x0 /home/lucifer/Ac6/SystemWorkbench/plugins/fr.ac6.mcu.externaltools.arm-none.linux64_1.17.0.201812190825/tools/compiler/bin/../lib/gcc/arm-none-eabi/7.3.1/thumb/v7-m/crtbegin.o

.ARM.extab
 *(.ARM.extab* .gnu.linkonce.armextab.*)

.ARM            0x00000000080007a0        0x0
                0x00000000080007a0                __exidx_start = .
 *(.ARM.exidx*)
                0x00000000080007a0                __exidx_end = .

.preinit_array  0x00000000080007a0        0x0
                0x00000000080007a0                PROVIDE (__preinit_array_start = .)
 *(.preinit_array*)
                0x00000000080007a0                PROVIDE (__preinit_array_end = .)

.init_array     0x00000000080007a0        0x8
                0x00000000080007a0                PROVIDE (__init_array_start = .)
 *(SORT_BY_NAME(.init_array.*))
 .init_array.00000
                0x00000000080007a0        0x4 /home/lucifer/Ac6/SystemWorkbench/plugins/fr.ac6.mcu.externaltools.arm-none.linux64_1.17.0.201812190825/tools/compiler/bin/../lib/gcc/arm-none-eabi/7.3.1/../../../../arm-none-eabi/lib/thumb/v7-m/libc.a(lib_a-__call_atexit.o)
 *(.init_array*)
 .init_array    0x00000000080007a4        0x4 /home/lucifer/Ac6/SystemWorkbench/plugins/fr.ac6.mcu.externaltools.arm-none.linux64_1.17.0.201812190825/tools/compiler/bin/../lib/gcc/arm-none-eabi/7.3.1/thumb/v7-m/crtbegin.o
                0x00000000080007a8                PROVIDE (__init_array_end = .)

.fini_array     0x00000000080007a8        0x4
                0x00000000080007a8                PROVIDE (__fini_array_start = .)
 *(SORT_BY_NAME(.fini_array.*))
 *(.fini_array*)
 .fini_array    0x00000000080007a8        0x4 /home/lucifer/Ac6/SystemWorkbench/plugins/fr.ac6.mcu.externaltools.arm-none.linux64_1.17.0.201812190825/tools/compiler/bin/../lib/gcc/arm-none-eabi/7.3.1/thumb/v7-m/crtbegin.o
                0x00000000080007ac                PROVIDE (__fini_array_end = .)
                0x00000000080007ac                _sidata = LOADADDR (.data)

.data           0x0000000020000000      0x4e4 load address 0x00000000080007ac
                0x0000000020000000                . = ALIGN (0x4)
                0x0000000020000000                _sdata = .
 *(.data)
 .data          0x0000000020000000       0xa0 Drivers/SPI/spi_driver.o
                0x0000000020000000                data
 .data          0x00000000200000a0       0x14 src/system_stm32f10x.o
                0x00000000200000a0                SystemCoreClock
                0x00000000200000a4                AHBPrescTable
 *(.data*)
 *fill*         0x00000000200000b4        0x4 
 .data.impure_data
                0x00000000200000b8      0x428 /home/lucifer/Ac6/SystemWorkbench/plugins/fr.ac6.mcu.externaltools.arm-none.linux64_1.17.0.201812190825/tools/compiler/bin/../lib/gcc/arm-none-eabi/7.3.1/../../../../arm-none-eabi/lib/thumb/v7-m/libc.a(lib_a-impure.o)
 .data.__atexit_recursive_mutex
                0x00000000200004e0        0x4 /home/lucifer/Ac6/SystemWorkbench/plugins/fr.ac6.mcu.externaltools.arm-none.linux64_1.17.0.201812190825/tools/compiler/bin/../lib/gcc/arm-none-eabi/7.3.1/../../../../arm-none-eabi/lib/thumb/v7-m/libc.a(lib_a-__call_atexit.o)
                0x00000000200004e0                __atexit_recursive_mutex
                0x00000000200004e4                . = ALIGN (0x4)
                0x00000000200004e4                _edata = .

.igot.plt       0x00000000200004e4        0x0 load address 0x0000000008000c90
 .igot.plt      0x00000000200004e4        0x0 /home/lucifer/Ac6/SystemWorkbench/plugins/fr.ac6.mcu.externaltools.arm-none.linux64_1.17.0.201812190825/tools/compiler/bin/../lib/gcc/arm-none-eabi/7.3.1/thumb/v7-m/crtbegin.o
                0x00000000200004e4                . = ALIGN (0x4)

.bss            0x00000000200004e4       0x40 load address 0x0000000008000c90
                0x00000000200004e4                _sbss = .
                0x00000000200004e4                __bss_start__ = _sbss
 *(.bss)
 .bss           0x00000000200004e4       0x1c /home/lucifer/Ac6/SystemWorkbench/plugins/fr.ac6.mcu.externaltools.arm-none.linux64_1.17.0.201812190825/tools/compiler/bin/../lib/gcc/arm-none-eabi/7.3.1/thumb/v7-m/crtbegin.o
 *(.bss*)
 *(COMMON)
 COMMON         0x0000000020000500       0x21 /home/lucifer/Ac6/SystemWorkbench/plugins/fr.ac6.mcu.externaltools.arm-none.linux64_1.17.0.201812190825/tools/compiler/bin/../lib/gcc/arm-none-eabi/7.3.1/../../../../arm-none-eabi/lib/thumb/v7-m/libc.a(lib_a-lock.o)
                0x0000000020000500                __lock___atexit_recursive_mutex
                0x0000000020000504                __lock___arc4random_mutex
                0x0000000020000508                __lock___env_recursive_mutex
                0x000000002000050c                __lock___sinit_recursive_mutex
                0x0000000020000510                __lock___malloc_recursive_mutex
                0x0000000020000514                __lock___at_quick_exit_mutex
                0x0000000020000518                __lock___dd_hash_mutex
                0x000000002000051c                __lock___tz_mutex
                0x0000000020000520                __lock___sfp_recursive_mutex
                0x0000000020000524                . = ALIGN (0x4)
 *fill*         0x0000000020000521        0x3 
                0x0000000020000524                _ebss = .
                0x0000000020000524                __bss_end__ = _ebss

._user_heap_stack
                0x0000000020000524      0x104 load address 0x0000000008000c90
                0x0000000020000528                . = ALIGN (0x8)
 *fill*         0x0000000020000524        0x4 
                0x0000000020000528                PROVIDE (end = .)
                [!provide]                        PROVIDE (_end = .)
                0x0000000020000528                . = (. + _Min_Heap_Size)
                0x0000000020000628                . = (. + _Min_Stack_Size)
 *fill*         0x0000000020000528      0x100 
                0x0000000020000628                . = ALIGN (0x8)

.memory_b1_text
 *(.mb1text)
 *(.mb1text*)
 *(.mb1rodata)
 *(.mb1rodata*)

/DISCARD/
 libc.a(*)
 libm.a(*)
 libgcc.a(*)

.ARM.attributes
                0x0000000000000000       0x29
 *(.ARM.attributes)
 .ARM.attributes
                0x0000000000000000       0x1d /home/lucifer/Ac6/SystemWorkbench/plugins/fr.ac6.mcu.externaltools.arm-none.linux64_1.17.0.201812190825/tools/compiler/bin/../lib/gcc/arm-none-eabi/7.3.1/thumb/v7-m/crti.o
 .ARM.attributes
                0x000000000000001d       0x2d /home/lucifer/Ac6/SystemWorkbench/plugins/fr.ac6.mcu.externaltools.arm-none.linux64_1.17.0.201812190825/tools/compiler/bin/../lib/gcc/arm-none-eabi/7.3.1/thumb/v7-m/crtbegin.o
 .ARM.attributes
                0x000000000000004a       0x33 Drivers/SPI/spi_driver.o
 .ARM.attributes
                0x000000000000007d       0x33 Drivers/uart/uart_driver.o
 .ARM.attributes
                0x00000000000000b0       0x33 src/main.o
 .ARM.attributes
                0x00000000000000e3       0x33 src/system_stm32f10x.o
 .ARM.attributes
                0x0000000000000116       0x21 startup/startup_stm32f10x_md.o
 .ARM.attributes
                0x0000000000000137       0x2d /home/lucifer/Ac6/SystemWorkbench/plugins/fr.ac6.mcu.externaltools.arm-none.linux64_1.17.0.201812190825/tools/compiler/bin/../lib/gcc/arm-none-eabi/7.3.1/../../../../arm-none-eabi/lib/thumb/v7-m/libc.a(lib_a-impure.o)
 .ARM.attributes
                0x0000000000000164       0x2d /home/lucifer/Ac6/SystemWorkbench/plugins/fr.ac6.mcu.externaltools.arm-none.linux64_1.17.0.201812190825/tools/compiler/bin/../lib/gcc/arm-none-eabi/7.3.1/../../../../arm-none-eabi/lib/thumb/v7-m/libc.a(lib_a-init.o)
 .ARM.attributes
                0x0000000000000191       0x2d /home/lucifer/Ac6/SystemWorkbench/plugins/fr.ac6.mcu.externaltools.arm-none.linux64_1.17.0.201812190825/tools/compiler/bin/../lib/gcc/arm-none-eabi/7.3.1/../../../../arm-none-eabi/lib/thumb/v7-m/libc.a(lib_a-__call_atexit.o)
 .ARM.attributes
                0x00000000000001be       0x2d /home/lucifer/Ac6/SystemWorkbench/plugins/fr.ac6.mcu.externaltools.arm-none.linux64_1.17.0.201812190825/tools/compiler/bin/../lib/gcc/arm-none-eabi/7.3.1/../../../../arm-none-eabi/lib/thumb/v7-m/libc.a(lib_a-atexit.o)
 .ARM.attributes
                0x00000000000001eb       0x2d /home/lucifer/Ac6/SystemWorkbench/plugins/fr.ac6.mcu.externaltools.arm-none.linux64_1.17.0.201812190825/tools/compiler/bin/../lib/gcc/arm-none-eabi/7.3.1/../../../../arm-none-eabi/lib/thumb/v7-m/libc.a(lib_a-fini.o)
 .ARM.attributes
                0x0000000000000218       0x2d /home/lucifer/Ac6/SystemWorkbench/plugins/fr.ac6.mcu.externaltools.arm-none.linux64_1.17.0.201812190825/tools/compiler/bin/../lib/gcc/arm-none-eabi/7.3.1/../../../../arm-none-eabi/lib/thumb/v7-m/libc.a(lib_a-lock.o)
 .ARM.attributes
                0x0000000000000245       0x2d /home/lucifer/Ac6/SystemWorkbench/plugins/fr.ac6.mcu.externaltools.arm-none.linux64_1.17.0.201812190825/tools/compiler/bin/../lib/gcc/arm-none-eabi/7.3.1/../../../../arm-none-eabi/lib/thumb/v7-m/libc.a(lib_a-__atexit.o)
 .ARM.attributes
                0x0000000000000272       0x1d /home/lucifer/Ac6/SystemWorkbench/plugins/fr.ac6.mcu.externaltools.arm-none.linux64_1.17.0.201812190825/tools/compiler/bin/../lib/gcc/arm-none-eabi/7.3.1/thumb/v7-m/crtn.o
OUTPUT(UART.elf elf32-littlearm)

.debug_info     0x0000000000000000     0x16a0
 .debug_info    0x0000000000000000      0x5a0 Drivers/SPI/spi_driver.o
 .debug_info    0x00000000000005a0      0x31d Drivers/uart/uart_driver.o
 .debug_info    0x00000000000008bd      0x948 src/main.o
 .debug_info    0x0000000000001205      0x479 src/system_stm32f10x.o
 .debug_info    0x000000000000167e       0x22 startup/startup_stm32f10x_md.o

.debug_abbrev   0x0000000000000000      0x5a4
 .debug_abbrev  0x0000000000000000      0x163 Drivers/SPI/spi_driver.o
 .debug_abbrev  0x0000000000000163       0xff Drivers/uart/uart_driver.o
 .debug_abbrev  0x0000000000000262      0x1c4 src/main.o
 .debug_abbrev  0x0000000000000426      0x16c src/system_stm32f10x.o
 .debug_abbrev  0x0000000000000592       0x12 startup/startup_stm32f10x_md.o

.debug_aranges  0x0000000000000000      0x148
 .debug_aranges
                0x0000000000000000       0xa0 Drivers/SPI/spi_driver.o
 .debug_aranges
                0x00000000000000a0       0x30 Drivers/uart/uart_driver.o
 .debug_aranges
                0x00000000000000d0       0x20 src/main.o
 .debug_aranges
                0x00000000000000f0       0x30 src/system_stm32f10x.o
 .debug_aranges
                0x0000000000000120       0x28 startup/startup_stm32f10x_md.o

.debug_ranges   0x0000000000000000      0x100
 .debug_ranges  0x0000000000000000       0x90 Drivers/SPI/spi_driver.o
 .debug_ranges  0x0000000000000090       0x20 Drivers/uart/uart_driver.o
 .debug_ranges  0x00000000000000b0       0x10 src/main.o
 .debug_ranges  0x00000000000000c0       0x20 src/system_stm32f10x.o
 .debug_ranges  0x00000000000000e0       0x20 startup/startup_stm32f10x_md.o

.debug_macro    0x0000000000000000     0xa95b
 .debug_macro   0x0000000000000000       0xba Drivers/SPI/spi_driver.o
 .debug_macro   0x00000000000000ba      0xa6c Drivers/SPI/spi_driver.o
 .debug_macro   0x0000000000000b26       0x5d Drivers/SPI/spi_driver.o
 .debug_macro   0x0000000000000b83       0x3a Drivers/SPI/spi_driver.o
 .debug_macro   0x0000000000000bbd       0x22 Drivers/SPI/spi_driver.o
 .debug_macro   0x0000000000000bdf       0x8e Drivers/SPI/spi_driver.o
 .debug_macro   0x0000000000000c6d       0x51 Drivers/SPI/spi_driver.o
 .debug_macro   0x0000000000000cbe       0xef Drivers/SPI/spi_driver.o
 .debug_macro   0x0000000000000dad       0x6a Drivers/SPI/spi_driver.o
 .debug_macro   0x0000000000000e17      0x1df Drivers/SPI/spi_driver.o
 .debug_macro   0x0000000000000ff6       0x2d Drivers/SPI/spi_driver.o
 .debug_macro   0x0000000000001023      0xa8b Drivers/SPI/spi_driver.o
 .debug_macro   0x0000000000001aae     0x7ee4 Drivers/SPI/spi_driver.o
 .debug_macro   0x0000000000009992       0x34 Drivers/SPI/spi_driver.o
 .debug_macro   0x00000000000099c6       0xab Drivers/uart/uart_driver.o
 .debug_macro   0x0000000000009a71      0x20f src/main.o
 .debug_macro   0x0000000000009c80       0x5e src/main.o
 .debug_macro   0x0000000000009cde       0x18 src/main.o
 .debug_macro   0x0000000000009cf6       0x35 src/main.o
 .debug_macro   0x0000000000009d2b       0x34 src/main.o
 .debug_macro   0x0000000000009d5f       0x16 src/main.o
 .debug_macro   0x0000000000009d75       0x97 src/main.o
 .debug_macro   0x0000000000009e0c      0x330 src/main.o
 .debug_macro   0x000000000000a13c       0xfd src/main.o
 .debug_macro   0x000000000000a239       0x10 src/main.o
 .debug_macro   0x000000000000a249       0x58 src/main.o
 .debug_macro   0x000000000000a2a1       0x1f src/main.o
 .debug_macro   0x000000000000a2c0       0x43 src/main.o
 .debug_macro   0x000000000000a303       0x20 src/main.o
 .debug_macro   0x000000000000a323      0x18e src/main.o
 .debug_macro   0x000000000000a4b1       0x10 src/main.o
 .debug_macro   0x000000000000a4c1       0x1c src/main.o
 .debug_macro   0x000000000000a4dd       0x52 src/main.o
 .debug_macro   0x000000000000a52f       0x40 src/main.o
 .debug_macro   0x000000000000a56f       0x10 src/main.o
 .debug_macro   0x000000000000a57f       0x40 src/main.o
 .debug_macro   0x000000000000a5bf       0xd7 src/main.o
 .debug_macro   0x000000000000a696       0x1c src/main.o
 .debug_macro   0x000000000000a6b2       0x3d src/main.o
 .debug_macro   0x000000000000a6ef       0x16 src/main.o
 .debug_macro   0x000000000000a705      0x16f src/main.o
 .debug_macro   0x000000000000a874       0x3a src/main.o
 .debug_macro   0x000000000000a8ae       0xad src/system_stm32f10x.o

.debug_line     0x0000000000000000     0x13c5
 .debug_line    0x0000000000000000      0x5a1 Drivers/SPI/spi_driver.o
 .debug_line    0x00000000000005a1      0x426 Drivers/uart/uart_driver.o
 .debug_line    0x00000000000009c7      0x558 src/main.o
 .debug_line    0x0000000000000f1f      0x428 src/system_stm32f10x.o
 .debug_line    0x0000000000001347       0x7e startup/startup_stm32f10x_md.o

.debug_str      0x0000000000000000    0x380f5
 .debug_str     0x0000000000000000    0x33ef7 Drivers/SPI/spi_driver.o
                                      0x34092 (size before relaxing)
 .debug_str     0x0000000000033ef7       0x5f Drivers/uart/uart_driver.o
                                      0x33dfd (size before relaxing)
 .debug_str     0x0000000000033f56     0x404d src/main.o
                                      0x37ead (size before relaxing)
 .debug_str     0x0000000000037fa3      0x122 src/system_stm32f10x.o
                                      0x33e41 (size before relaxing)
 .debug_str     0x00000000000380c5       0x30 startup/startup_stm32f10x_md.o
                                         0x61 (size before relaxing)

.comment        0x0000000000000000       0x7f
 .comment       0x0000000000000000       0x7f Drivers/SPI/spi_driver.o
                                         0x80 (size before relaxing)
 .comment       0x000000000000007f       0x80 Drivers/uart/uart_driver.o
 .comment       0x000000000000007f       0x80 src/main.o
 .comment       0x000000000000007f       0x80 src/system_stm32f10x.o

.debug_frame    0x0000000000000000      0x524
 .debug_frame   0x0000000000000000      0x240 Drivers/SPI/spi_driver.o
 .debug_frame   0x0000000000000240       0x7c Drivers/uart/uart_driver.o
 .debug_frame   0x00000000000002bc       0x2c src/main.o
 .debug_frame   0x00000000000002e8       0x7c src/system_stm32f10x.o
 .debug_frame   0x0000000000000364       0x2c /home/lucifer/Ac6/SystemWorkbench/plugins/fr.ac6.mcu.externaltools.arm-none.linux64_1.17.0.201812190825/tools/compiler/bin/../lib/gcc/arm-none-eabi/7.3.1/../../../../arm-none-eabi/lib/thumb/v7-m/libc.a(lib_a-init.o)
 .debug_frame   0x0000000000000390       0x5c /home/lucifer/Ac6/SystemWorkbench/plugins/fr.ac6.mcu.externaltools.arm-none.linux64_1.17.0.201812190825/tools/compiler/bin/../lib/gcc/arm-none-eabi/7.3.1/../../../../arm-none-eabi/lib/thumb/v7-m/libc.a(lib_a-__call_atexit.o)
 .debug_frame   0x00000000000003ec       0x20 /home/lucifer/Ac6/SystemWorkbench/plugins/fr.ac6.mcu.externaltools.arm-none.linux64_1.17.0.201812190825/tools/compiler/bin/../lib/gcc/arm-none-eabi/7.3.1/../../../../arm-none-eabi/lib/thumb/v7-m/libc.a(lib_a-atexit.o)
 .debug_frame   0x000000000000040c       0x34 /home/lucifer/Ac6/SystemWorkbench/plugins/fr.ac6.mcu.externaltools.arm-none.linux64_1.17.0.201812190825/tools/compiler/bin/../lib/gcc/arm-none-eabi/7.3.1/../../../../arm-none-eabi/lib/thumb/v7-m/libc.a(lib_a-fini.o)
 .debug_frame   0x0000000000000440       0xb0 /home/lucifer/Ac6/SystemWorkbench/plugins/fr.ac6.mcu.externaltools.arm-none.linux64_1.17.0.201812190825/tools/compiler/bin/../lib/gcc/arm-none-eabi/7.3.1/../../../../arm-none-eabi/lib/thumb/v7-m/libc.a(lib_a-lock.o)
 .debug_frame   0x00000000000004f0       0x34 /home/lucifer/Ac6/SystemWorkbench/plugins/fr.ac6.mcu.externaltools.arm-none.linux64_1.17.0.201812190825/tools/compiler/bin/../lib/gcc/arm-none-eabi/7.3.1/../../../../arm-none-eabi/lib/thumb/v7-m/libc.a(lib_a-__atexit.o)
