21:44:48 **** Incremental Build of configuration Debug for project UART ****
make -j4 all 
Building file: ../src/main.c
Building file: /home/lucifer/github/STM32F1/Drivers/SPI/spi_driver.c
Invoking: MCU GCC Compiler
Invoking: MCU GCC Compiler
/home/lucifer/github/STM32F1/Examples/UART/Debug
/home/lucifer/github/STM32F1/Examples/UART/Debug
arm-none-eabi-gcc -mcpu=cortex-m3 -mthumb -mfloat-abi=soft -DSTM32 -DSTM32F1 -DSTM32F103RBTx -DNUCLEO_F103RB -DDEBUG -DSTM32F10X_MD -I"/home/lucifer/github/STM32F1/Drivers/SPI" -I"/home/lucifer/github/STM32F1/Examples/UART/inc" -I"/home/lucifer/github/STM32F1/Drivers/uart" -I"/home/lucifer/github/STM32F1/Drivers" -I"/home/lucifer/github/STM32F1/Examples/UART/CMSIS/device" -I"/home/lucifer/github/STM32F1/Examples/UART/CMSIS/core" -O0 -g3 -Wall -fmessage-length=0 -ffunction-sections -c -MMD -MP -MF"Drivers/SPI/spi_driver.d" -MT"Drivers/SPI/spi_driver.o" -o "Drivers/SPI/spi_driver.o" "/home/lucifer/github/STM32F1/Drivers/SPI/spi_driver.c"
arm-none-eabi-gcc -mcpu=cortex-m3 -mthumb -mfloat-abi=soft -DSTM32 -DSTM32F1 -DSTM32F103RBTx -DNUCLEO_F103RB -DDEBUG -DSTM32F10X_MD -I"/home/lucifer/github/STM32F1/Drivers/SPI" -I"/home/lucifer/github/STM32F1/Examples/UART/inc" -I"/home/lucifer/github/STM32F1/Drivers/uart" -I"/home/lucifer/github/STM32F1/Drivers" -I"/home/lucifer/github/STM32F1/Examples/UART/CMSIS/device" -I"/home/lucifer/github/STM32F1/Examples/UART/CMSIS/core" -O0 -g3 -Wall -fmessage-length=0 -ffunction-sections -c -MMD -MP -MF"src/main.d" -MT"src/main.o" -o "src/main.o" "../src/main.c"
Finished building: ../src/main.c
 
Finished building: /home/lucifer/github/STM32F1/Drivers/SPI/spi_driver.c
 
Building target: UART.elf
Invoking: MCU GCC Linker
arm-none-eabi-gcc -mcpu=cortex-m3 -mthumb -mfloat-abi=soft -T"/home/lucifer/github/STM32F1/Examples/UART/LinkerScript.ld" -Wl,-Map=output.map -Wl,--gc-sections -o "UART.elf" @"objects.list"   -lm
Finished building target: UART.elf
 
make --no-print-directory post-build
Generating binary and Printing size information:
arm-none-eabi-objcopy -O binary "UART.elf" "UART.bin"
arm-none-eabi-size "UART.elf"
   text	   data	    bss	    dec	    hex	filename
   1952	   1264	    324	   3540	    dd4	UART.elf
arm-none-eabi-objcopy -O ihex "UART.elf" "UART.hex"
 

21:44:49 Build Finished (took 1s.271ms)

